2026-10-04 11:00:42 DEBUG:busco.run_BUSCO	Command line: /usr/local/bin/busco -i /data/users/vmungai/assembly-annotation-course2026/results/assembly/trinity/Trinity.fasta --out_path /data/users/vmungai/assembly-annotation-course2026/results/assembly_evaluation/busco --out trinity_evaluation --mode transcriptome -l brassicales_odb10 --cpu 4
2026-10-04 11:00:42 INFO:busco.run_BUSCO	***** Start a BUSCO v5.7.1 analysis, current time: 10/04/2026 11:00:42 *****
2026-10-04 11:00:42 DEBUG:busco.ConfigManager	Getting config file
2026-10-04 11:00:42 INFO:busco.ConfigManager	Configuring BUSCO with local environment
2026-10-04 11:00:42 INFO:busco.BuscoConfig	Running transcriptome mode
2026-10-04 11:00:42 ERROR:busco.BuscoRunner	Input /data/users/vmungai/assembly-annotation-course2026/results/assembly/trinity/Trinity.fasta does not exist
2026-10-04 11:00:42 DEBUG:busco.BuscoRunner	Input /data/users/vmungai/assembly-annotation-course2026/results/assembly/trinity/Trinity.fasta does not exist
Traceback (most recent call last):
  File "/usr/local/lib/python3.7/site-packages/busco/run_BUSCO.py", line 68, in run
    self.load_config()
  File "/usr/local/lib/python3.7/site-packages/busco/run_BUSCO.py", line 60, in load_config
    self.config_manager.load_busco_config_main()
  File "/usr/local/lib/python3.7/site-packages/busco/BuscoLogger.py", line 62, in wrapped_func
    self.retval = func(*args, **kwargs)
  File "/usr/local/lib/python3.7/site-packages/busco/ConfigManager.py", line 63, in load_busco_config_main
    self.config_main.validate()
  File "/usr/local/lib/python3.7/site-packages/busco/BuscoConfig.py", line 637, in validate
    self._check_required_input_exists()
  File "/usr/local/lib/python3.7/site-packages/busco/BuscoConfig.py", line 823, in _check_required_input_exists
    "Input {} does not exist".format(self._input_filepath)
busco.Exceptions.BatchFatalError: Input /data/users/vmungai/assembly-annotation-course2026/results/assembly/trinity/Trinity.fasta does not exist
2026-10-04 11:00:42 ERROR:busco.BuscoRunner	BUSCO analysis failed!
2026-10-04 11:00:42 ERROR:busco.BuscoRunner	Check the logs, read the user guide (https://busco.ezlab.org/busco_userguide.html), and check the BUSCO issue board on https://gitlab.com/ezlab/busco/issues

